
[0;34m========================================[0m
[0;34mSETUP: Authentication[0m
[0;34m========================================[0m

[1;33mTEST 0.1:[0m Admin Login
[0;32m✓ PASS:[0m Admin authenticated successfully
[1;33mTEST 0.2:[0m Reset PCO password for testing
[0;32m✓ PASS:[0m PCO password reset successfully
[1;33mTEST 0.3:[0m PCO Login
[0;31m✗ FAIL:[0m PCO authentication with default user failed
[0;31m  Response:[0m {"success":false,"message":"Invalid credentials. 2 attempts remaining before lockout.","remaining_attempts":2}
Trying to create new test PCO user...
[0;31m✗ FAIL:[0m Failed to create/authenticate test PCO
[0;31m  Response:[0m {"success":false,"message":"Invalid credentials"}
